******************************************************************************
                  TI ARM Linker Unix v5.2.5                    
******************************************************************************
>> Linked Tue Apr  5 20:56:51 2016

OUTPUT FILE NAME:   <drowsiness_detector.out>
ENTRY POINT SYMBOL: "_c_int00"  address: 00001191


MEMORY CONFIGURATION

         name            origin    length      used     unused   attr    fill
----------------------  --------  ---------  --------  --------  ----  --------
  FLASH                 00000000   00040000  000015ba  0003ea46  R  X
  SRAM                  20000000   00008000  000003a8  00007c58  RW X


SEGMENT ALLOCATION MAP

run origin  load origin   length   init length attrs members
----------  ----------- ---------- ----------- ----- -------
00000000    00000000    000015c0   000015c0    r-x
  00000000    00000000    0000026c   0000026c    r-- .intvecs
  0000026c    0000026c    00001212   00001212    r-x .text
  00001480    00001480    000000dc   000000dc    r-- .const
  00001560    00001560    00000060   00000060    r-- .cinit
20000000    20000000    000003a8   00000000    rw-
  20000000    20000000    00000200   00000000    rw- .stack
  20000200    20000200    0000012c   00000000    rw- .bss
  2000032c    2000032c    0000007c   00000000    rw- .data


SECTION ALLOCATION MAP

 output                                  attributes/
section   page    origin      length       input sections
--------  ----  ----------  ----------   ----------------
.intvecs   0    00000000    0000026c     
                  00000000    0000026c     tm4c123gh6pm_startup_ccs.obj (.intvecs)

.text      0    0000026c    00001212     
                  0000026c    000006a0     lab-0.obj (.text)
                  0000090c    0000021e     rtsv7M4_T_le_v4SPD16_eabi.lib : ll_div_t2.obj (.text)
                  00000b2a    00000132     driverlib.lib : gpio.obj (.text:GPIOPadConfigSet)
                  00000c5c    00000110                   : sysctl.obj (.text:SysCtlClockGet)
                  00000d6c    000000f4                   : sysctl.obj (.text:SysCtlClockSet)
                  00000e60    0000009c     rtsv7M4_T_le_v4SPD16_eabi.lib : memcpy_t2.obj (.text)
                  00000efc    0000007a     driverlib.lib : adc.obj (.text:ADCSequenceStepConfigure)
                  00000f76    0000007a     rtsv7M4_T_le_v4SPD16_eabi.lib : memset_t2.obj (.text)
                  00000ff0    0000006c                                   : autoinit.obj (.text)
                  0000105c    0000006a                                   : copy_decompress_rle.obj (.text)
                  000010c6    00000002                                   : l_div0.obj (.text)
                  000010c8    00000068     driverlib.lib : interrupt.obj (.text:IntEnable)
                  00001130    00000060                   : timer.obj (.text:TimerConfigure)
                  00001190    00000050     rtsv7M4_T_le_v4SPD16_eabi.lib : boot.obj (.text)
                  000011e0    0000004c                                   : cpy_tbl.obj (.text)
                  0000122c    00000044                                   : exit.obj (.text)
                  00001270    0000003e     driverlib.lib : adc.obj (.text:ADCSequenceConfigure)
                  000012ae    00000002     --HOLE-- [fill = 0]
                  000012b0    00000034                   : sysctl.obj (.text:SysCtlPeripheralEnable)
                  000012e4    0000002e                   : adc.obj (.text:ADCIntStatus)
                  00001312    0000002a                   : gpio.obj (.text:GPIODirModeSet)
                  0000133c    0000001e                   : adc.obj (.text:ADCSequenceDataGet)
                  0000135a    00000018                   : adc.obj (.text:ADCProcessorTrigger)
                  00001372    00000018                   : gpio.obj (.text:GPIOPinTypeGPIOOutput)
                  0000138a    00000002     --HOLE-- [fill = 0]
                  0000138c    00000018     rtsv7M4_T_le_v4SPD16_eabi.lib : args_main.obj (.text)
                  000013a4    00000014                                   : _lock.obj (.text)
                  000013b8    00000012     driverlib.lib : gpio.obj (.text:GPIOPinTypeADC)
                  000013ca    00000012                   : gpio.obj (.text:GPIOPinTypeGPIOInput)
                  000013dc    00000012                   : timer.obj (.text:TimerLoadSet)
                  000013ee    00000010                   : interrupt.obj (.text:IntMasterEnable)
                  000013fe    0000000e                   : adc.obj (.text:ADCSequenceEnable)
                  0000140c    0000000e                   : timer.obj (.text:TimerEnable)
                  0000141a    0000000e     rtsv7M4_T_le_v4SPD16_eabi.lib : copy_decompress_none.obj (.text:decompress:none)
                  00001428    0000000c     driverlib.lib : cpu.obj (.text:CPUcpsie)
                  00001434    0000000c     rtsv7M4_T_le_v4SPD16_eabi.lib : copy_zero_init.obj (.text:decompress:ZI)
                  00001440    0000000c     tm4c123gh6pm_startup_ccs.obj (.text)
                  0000144c    0000000a     driverlib.lib : adc.obj (.text:ADCIntClear)
                  00001456    00000008                   : timer.obj (.text:TimerIntEnable)
                  0000145e    00000006                   : gpio.obj (.text:GPIOPinRead)
                  00001464    00000006                   : gpio.obj (.text:GPIOPinWrite)
                  0000146a    00000006                   : sysctl.obj (.text:SysCtlDelay)
                  00001470    00000006     rtsv7M4_T_le_v4SPD16_eabi.lib : copy_decompress_rle.obj (.text:decompress:rle24)
                  00001476    00000004     driverlib.lib : timer.obj (.text:TimerIntClear)
                  0000147a    00000004     rtsv7M4_T_le_v4SPD16_eabi.lib : pre_init.obj (.text)

.const     0    00001480    000000dc     
                  00001480    00000070     driverlib.lib : interrupt.obj (.const)
                  000014f0    0000006c                   : sysctl.obj (.const:g_pui32Xtals)

.cinit     0    00001560    00000060     
                  00001560    0000003a     (.cinit..data.load) [load image, compression = rle]
                  0000159a    00000002     --HOLE-- [fill = 0]
                  0000159c    0000000c     (__TI_handler_table)
                  000015a8    00000008     (.cinit..bss.load) [load image, compression = zero_init]
                  000015b0    00000010     (__TI_cinit_table)

.init_array 
*          0    00000000    00000000     UNINITIALIZED

.bss       0    20000200    0000012c     UNINITIALIZED
                  20000200    000000f0     lab-0.obj (.bss:rate)
                  200002f0    00000028     lab-0.obj (.bss:blinkDuration)
                  20000318    00000004     (.common:BPM)
                  2000031c    00000004     (.common:Signal)
                  20000320    00000004     (.common:averageBlinkDuration)
                  20000324    00000004     (.common:hrValue)
                  20000328    00000004     (.common:irValue)

.data      0    2000032c    0000007c     UNINITIALIZED
                  2000032c    00000068     lab-0.obj (.data)
                  20000394    00000008     rtsv7M4_T_le_v4SPD16_eabi.lib : _lock.obj (.data)
                  2000039c    00000008                                   : exit.obj (.data)
                  200003a4    00000004                                   : stkdepth_vars.obj (.data)

.stack     0    20000000    00000200     UNINITIALIZED
                  20000000    00000200     --HOLE--

.TI.noinit 
*          0    20000200    00000000     UNINITIALIZED

.TI.persistent 
*          0    2000032c    00000000     UNINITIALIZED


LINKER GENERATED COPY TABLES

__TI_cinit_table @ 000015b0 records: 2, size/record: 8, table size: 16
	.data: load addr=00001560, load size=0000003a bytes, run addr=2000032c, run size=0000007c bytes, compression=rle
	.bss: load addr=000015a8, load size=00000008 bytes, run addr=20000200, run size=0000012c bytes, compression=zero_init


LINKER GENERATED HANDLER TABLE

__TI_handler_table @ 0000159c records: 3, size/record: 4, table size: 12
	index: 0, handler: __TI_decompress_rle24
	index: 1, handler: __TI_decompress_none
	index: 2, handler: __TI_zero_init


GLOBAL SYMBOLS: SORTED ALPHABETICALLY BY Name 

address   name                    
-------   ----                    
0000144d  ADCIntClear             
000012e5  ADCIntStatus            
0000135b  ADCProcessorTrigger     
00001271  ADCSequenceConfigure    
0000133d  ADCSequenceDataGet      
000013ff  ADCSequenceEnable       
00000efd  ADCSequenceStepConfigure
20000318  BPM                     
0000122d  C$$EXIT                 
00001429  CPUcpsie                
00001313  GPIODirModeSet          
00000b2b  GPIOPadConfigSet        
0000145f  GPIOPinRead             
000013b9  GPIOPinTypeADC          
000013cb  GPIOPinTypeGPIOInput    
00001373  GPIOPinTypeGPIOOutput   
00001465  GPIOPinWrite            
2000032c  IBI                     
000010c9  IntEnable               
000013ef  IntMasterEnable         
20000340  P                       
20000330  Pulse                   
20000334  QS                      
00001441  ResetISR                
UNDEFED   SHT$$INIT_ARRAY$$Base   
UNDEFED   SHT$$INIT_ARRAY$$Limit  
2000031c  Signal                  
00000c5d  SysCtlClockGet          
00000d6d  SysCtlClockSet          
0000146b  SysCtlDelay             
000012b1  SysCtlPeripheralEnable  
20000344  T                       
00000845  Timer0IntHandler        
00001131  TimerConfigure          
0000140d  TimerEnable             
00001477  TimerIntClear           
00001457  TimerIntEnable          
000013dd  TimerLoadSet            
20000200  __STACK_END             
00000200  __STACK_SIZE            
20000200  __STACK_TOP             
000015b0  __TI_CINIT_Base         
000015c0  __TI_CINIT_Limit        
0000159c  __TI_Handler_Table_Base 
000015a8  __TI_Handler_Table_Limit
00000ff1  __TI_auto_init          
2000039c  __TI_cleanup_ptr        
0000141b  __TI_decompress_none    
00001471  __TI_decompress_rle24   
200003a0  __TI_dtors_ptr          
00000000  __TI_static_base__      
00001435  __TI_zero_init          
000010c7  __aeabi_ldiv0           
0000090d  __aeabi_ldivmod         
00000f77  __aeabi_memclr          
00000f77  __aeabi_memclr4         
00000f77  __aeabi_memclr8         
00000e61  __aeabi_memcpy          
00000e61  __aeabi_memcpy4         
00000e61  __aeabi_memcpy8         
00000f79  __aeabi_memset          
00000f79  __aeabi_memset4         
00000f79  __aeabi_memset8         
ffffffff  __binit__               
ffffffff  __c_args__              
20000000  __stack                 
0000138d  _args_main              
00001191  _c_int00                
20000394  _lock                   
000013b3  _nop                    
000013ab  _register_lock          
000013a5  _register_unlock        
0000147b  _system_pre_init        
20000398  _unlock                 
00001231  abort                   
20000388  alreadyOpen             
2000034c  amp                     
20000320  averageBlinkDuration    
20000384  avgThreshold            
ffffffff  binit                   
200002f0  blinkDuration           
2000035c  blinkTime               
000003a5  calcBPM                 
00000619  calcEyeBlink            
000011e1  copy_in                 
2000038c  count                   
20000390  countLimit              
20000374  curClosedCount          
20000378  curClosedSum            
20000380  curThreshold            
00001239  exit                    
20000350  firstBeat               
00000000  g_pfnVectors            
20000370  highcount               
20000368  highval                 
20000324  hrValue                 
20000328  irValue                 
2000037c  iterator                
2000033c  lastBeatTime            
0000031b  led_pin_config          
2000036c  lowcount                
20000364  lowval                  
00000377  main                    
200003a4  main_func_sp            
00000e61  memcpy                  
00000f7f  memset                  
20000360  midval                  
20000200  rate                    
20000358  ready                   
20000338  sampleCounter           
20000354  secondBeat              
0000026d  setup                   
0000032f  setupTimerInterrupt     
000002cf  switchPinConfig         
20000348  thresh                  


GLOBAL SYMBOLS: SORTED BY Symbol Address 

address   name                    
-------   ----                    
00000000  __TI_static_base__      
00000000  g_pfnVectors            
00000200  __STACK_SIZE            
0000026d  setup                   
000002cf  switchPinConfig         
0000031b  led_pin_config          
0000032f  setupTimerInterrupt     
00000377  main                    
000003a5  calcBPM                 
00000619  calcEyeBlink            
00000845  Timer0IntHandler        
0000090d  __aeabi_ldivmod         
00000b2b  GPIOPadConfigSet        
00000c5d  SysCtlClockGet          
00000d6d  SysCtlClockSet          
00000e61  __aeabi_memcpy          
00000e61  __aeabi_memcpy4         
00000e61  __aeabi_memcpy8         
00000e61  memcpy                  
00000efd  ADCSequenceStepConfigure
00000f77  __aeabi_memclr          
00000f77  __aeabi_memclr4         
00000f77  __aeabi_memclr8         
00000f79  __aeabi_memset          
00000f79  __aeabi_memset4         
00000f79  __aeabi_memset8         
00000f7f  memset                  
00000ff1  __TI_auto_init          
000010c7  __aeabi_ldiv0           
000010c9  IntEnable               
00001131  TimerConfigure          
00001191  _c_int00                
000011e1  copy_in                 
0000122d  C$$EXIT                 
00001231  abort                   
00001239  exit                    
00001271  ADCSequenceConfigure    
000012b1  SysCtlPeripheralEnable  
000012e5  ADCIntStatus            
00001313  GPIODirModeSet          
0000133d  ADCSequenceDataGet      
0000135b  ADCProcessorTrigger     
00001373  GPIOPinTypeGPIOOutput   
0000138d  _args_main              
000013a5  _register_unlock        
000013ab  _register_lock          
000013b3  _nop                    
000013b9  GPIOPinTypeADC          
000013cb  GPIOPinTypeGPIOInput    
000013dd  TimerLoadSet            
000013ef  IntMasterEnable         
000013ff  ADCSequenceEnable       
0000140d  TimerEnable             
0000141b  __TI_decompress_none    
00001429  CPUcpsie                
00001435  __TI_zero_init          
00001441  ResetISR                
0000144d  ADCIntClear             
00001457  TimerIntEnable          
0000145f  GPIOPinRead             
00001465  GPIOPinWrite            
0000146b  SysCtlDelay             
00001471  __TI_decompress_rle24   
00001477  TimerIntClear           
0000147b  _system_pre_init        
0000159c  __TI_Handler_Table_Base 
000015a8  __TI_Handler_Table_Limit
000015b0  __TI_CINIT_Base         
000015c0  __TI_CINIT_Limit        
20000000  __stack                 
20000200  __STACK_END             
20000200  __STACK_TOP             
20000200  rate                    
200002f0  blinkDuration           
20000318  BPM                     
2000031c  Signal                  
20000320  averageBlinkDuration    
20000324  hrValue                 
20000328  irValue                 
2000032c  IBI                     
20000330  Pulse                   
20000334  QS                      
20000338  sampleCounter           
2000033c  lastBeatTime            
20000340  P                       
20000344  T                       
20000348  thresh                  
2000034c  amp                     
20000350  firstBeat               
20000354  secondBeat              
20000358  ready                   
2000035c  blinkTime               
20000360  midval                  
20000364  lowval                  
20000368  highval                 
2000036c  lowcount                
20000370  highcount               
20000374  curClosedCount          
20000378  curClosedSum            
2000037c  iterator                
20000380  curThreshold            
20000384  avgThreshold            
20000388  alreadyOpen             
2000038c  count                   
20000390  countLimit              
20000394  _lock                   
20000398  _unlock                 
2000039c  __TI_cleanup_ptr        
200003a0  __TI_dtors_ptr          
200003a4  main_func_sp            
ffffffff  __binit__               
ffffffff  __c_args__              
ffffffff  binit                   
UNDEFED   SHT$$INIT_ARRAY$$Base   
UNDEFED   SHT$$INIT_ARRAY$$Limit  

[115 symbols]
