******************************************************************************
                  TI ARM Linker Unix v5.2.5                    
******************************************************************************
>> Linked Mon Apr  4 04:08:07 2016

OUTPUT FILE NAME:   <drowsiness_detector.out>
ENTRY POINT SYMBOL: "_c_int00"  address: 00000e9d


MEMORY CONFIGURATION

         name            origin    length      used     unused   attr    fill
----------------------  --------  ---------  --------  --------  ----  --------
  FLASH                 00000000   00040000  00001298  0003ed68  R  X
  SRAM                  20000000   00008000  00000278  00007d88  RW X


SEGMENT ALLOCATION MAP

run origin  load origin   length   init length attrs members
----------  ----------- ---------- ----------- ----- -------
00000000    00000000    00001298   00001298    r-x
  00000000    00000000    0000026c   0000026c    r-- .intvecs
  0000026c    0000026c    00000f00   00000f00    r-x .text
  0000116c    0000116c    000000dc   000000dc    r-- .const
  00001248    00001248    00000050   00000050    r-- .cinit
20000000    20000000    00000278   00000000    rw-
  20000000    20000000    00000200   00000000    rw- .stack
  20000200    20000200    00000040   00000000    rw- .data
  20000240    20000240    00000038   00000000    rw- .bss


SECTION ALLOCATION MAP

 output                                  attributes/
section   page    origin      length       input sections
--------  ----  ----------  ----------   ----------------
.intvecs   0    00000000    0000026c     
                  00000000    0000026c     tm4c123gh6pm_startup_ccs.obj (.intvecs)

.text      0    0000026c    00000f00     
                  0000026c    000003ac     lab-0.obj (.text)
                  00000618    0000021e     rtsv7M4_T_le_v4SPD16_eabi.lib : ll_div_t2.obj (.text)
                  00000836    00000132     driverlib.lib : gpio.obj (.text:GPIOPadConfigSet)
                  00000968    00000110                   : sysctl.obj (.text:SysCtlClockGet)
                  00000a78    000000f4                   : sysctl.obj (.text:SysCtlClockSet)
                  00000b6c    0000009c     rtsv7M4_T_le_v4SPD16_eabi.lib : memcpy_t2.obj (.text)
                  00000c08    0000007a     driverlib.lib : adc.obj (.text:ADCSequenceStepConfigure)
                  00000c82    0000007a     rtsv7M4_T_le_v4SPD16_eabi.lib : memset_t2.obj (.text)
                  00000cfc    0000006c                                   : autoinit.obj (.text)
                  00000d68    0000006a                                   : copy_decompress_rle.obj (.text)
                  00000dd2    00000002                                   : l_div0.obj (.text)
                  00000dd4    00000068     driverlib.lib : interrupt.obj (.text:IntEnable)
                  00000e3c    00000060                   : timer.obj (.text:TimerConfigure)
                  00000e9c    00000050     rtsv7M4_T_le_v4SPD16_eabi.lib : boot.obj (.text)
                  00000eec    0000004c                                   : cpy_tbl.obj (.text)
                  00000f38    00000044                                   : exit.obj (.text)
                  00000f7c    0000003e     driverlib.lib : adc.obj (.text:ADCSequenceConfigure)
                  00000fba    00000002     --HOLE-- [fill = 0]
                  00000fbc    00000034                   : sysctl.obj (.text:SysCtlPeripheralEnable)
                  00000ff0    0000002e                   : adc.obj (.text:ADCIntStatus)
                  0000101e    0000002a                   : gpio.obj (.text:GPIODirModeSet)
                  00001048    0000001e                   : adc.obj (.text:ADCSequenceDataGet)
                  00001066    00000018                   : adc.obj (.text:ADCProcessorTrigger)
                  0000107e    00000018                   : gpio.obj (.text:GPIOPinTypeGPIOOutput)
                  00001096    00000002     --HOLE-- [fill = 0]
                  00001098    00000018     rtsv7M4_T_le_v4SPD16_eabi.lib : args_main.obj (.text)
                  000010b0    00000014                                   : _lock.obj (.text)
                  000010c4    00000012     driverlib.lib : gpio.obj (.text:GPIOPinTypeADC)
                  000010d6    00000012                   : timer.obj (.text:TimerLoadSet)
                  000010e8    00000010                   : interrupt.obj (.text:IntMasterEnable)
                  000010f8    0000000e                   : adc.obj (.text:ADCSequenceEnable)
                  00001106    0000000e                   : timer.obj (.text:TimerEnable)
                  00001114    0000000e     rtsv7M4_T_le_v4SPD16_eabi.lib : copy_decompress_none.obj (.text:decompress:none)
                  00001122    0000000c     driverlib.lib : cpu.obj (.text:CPUcpsie)
                  0000112e    0000000c     rtsv7M4_T_le_v4SPD16_eabi.lib : copy_zero_init.obj (.text:decompress:ZI)
                  0000113a    0000000c     tm4c123gh6pm_startup_ccs.obj (.text)
                  00001146    0000000a     driverlib.lib : adc.obj (.text:ADCIntClear)
                  00001150    00000008                   : timer.obj (.text:TimerIntEnable)
                  00001158    00000006                   : sysctl.obj (.text:SysCtlDelay)
                  0000115e    00000006     rtsv7M4_T_le_v4SPD16_eabi.lib : copy_decompress_rle.obj (.text:decompress:rle24)
                  00001164    00000004     driverlib.lib : timer.obj (.text:TimerIntClear)
                  00001168    00000004     rtsv7M4_T_le_v4SPD16_eabi.lib : pre_init.obj (.text)

.const     0    0000116c    000000dc     
                  0000116c    00000070     driverlib.lib : interrupt.obj (.const)
                  000011dc    0000006c                   : sysctl.obj (.const:g_pui32Xtals)

.cinit     0    00001248    00000050     
                  00001248    00000028     (.cinit..data.load) [load image, compression = rle]
                  00001270    0000000c     (__TI_handler_table)
                  0000127c    00000004     --HOLE-- [fill = 0]
                  00001280    00000008     (.cinit..bss.load) [load image, compression = zero_init]
                  00001288    00000010     (__TI_cinit_table)

.init_array 
*          0    00000000    00000000     UNINITIALIZED

.data      0    20000200    00000040     UNINITIALIZED
                  20000200    0000002c     lab-0.obj (.data)
                  2000022c    00000008     rtsv7M4_T_le_v4SPD16_eabi.lib : _lock.obj (.data)
                  20000234    00000008                                   : exit.obj (.data)
                  2000023c    00000004                                   : stkdepth_vars.obj (.data)

.bss       0    20000240    00000038     UNINITIALIZED
                  20000240    00000028     lab-0.obj (.bss:rate)
                  20000268    00000004     (.common:BPM)
                  2000026c    00000004     (.common:Signal)
                  20000270    00000004     (.common:hrValue)
                  20000274    00000004     (.common:irValue)

.stack     0    20000000    00000200     UNINITIALIZED
                  20000000    00000200     --HOLE--

.TI.persistent 
*          0    20000200    00000000     UNINITIALIZED

.TI.noinit 
*          0    20000240    00000000     UNINITIALIZED


LINKER GENERATED COPY TABLES

__TI_cinit_table @ 00001288 records: 2, size/record: 8, table size: 16
	.data: load addr=00001248, load size=00000028 bytes, run addr=20000200, run size=00000040 bytes, compression=rle
	.bss: load addr=00001280, load size=00000008 bytes, run addr=20000240, run size=00000038 bytes, compression=zero_init


LINKER GENERATED HANDLER TABLE

__TI_handler_table @ 00001270 records: 3, size/record: 4, table size: 12
	index: 0, handler: __TI_decompress_rle24
	index: 1, handler: __TI_decompress_none
	index: 2, handler: __TI_zero_init


GLOBAL SYMBOLS: SORTED ALPHABETICALLY BY Name 

address   name                    
-------   ----                    
00001147  ADCIntClear             
00000ff1  ADCIntStatus            
00001067  ADCProcessorTrigger     
00000f7d  ADCSequenceConfigure    
00001049  ADCSequenceDataGet      
000010f9  ADCSequenceEnable       
00000c09  ADCSequenceStepConfigure
20000268  BPM                     
00000f39  C$$EXIT                 
00001123  CPUcpsie                
0000101f  GPIODirModeSet          
00000837  GPIOPadConfigSet        
000010c5  GPIOPinTypeADC          
0000107f  GPIOPinTypeGPIOOutput   
20000200  IBI                     
00000dd5  IntEnable               
000010e9  IntMasterEnable         
20000214  P                       
20000204  Pulse                   
20000208  QS                      
0000113b  ResetISR                
UNDEFED   SHT$$INIT_ARRAY$$Base   
UNDEFED   SHT$$INIT_ARRAY$$Limit  
2000026c  Signal                  
00000969  SysCtlClockGet          
00000a79  SysCtlClockSet          
00001159  SysCtlDelay             
00000fbd  SysCtlPeripheralEnable  
20000218  T                       
00000561  Timer0IntHandler        
00000e3d  TimerConfigure          
00001107  TimerEnable             
00001165  TimerIntClear           
00001151  TimerIntEnable          
000010d7  TimerLoadSet            
20000200  __STACK_END             
00000200  __STACK_SIZE            
20000200  __STACK_TOP             
00001288  __TI_CINIT_Base         
00001298  __TI_CINIT_Limit        
00001270  __TI_Handler_Table_Base 
0000127c  __TI_Handler_Table_Limit
00000cfd  __TI_auto_init          
20000234  __TI_cleanup_ptr        
00001115  __TI_decompress_none    
0000115f  __TI_decompress_rle24   
20000238  __TI_dtors_ptr          
00000000  __TI_static_base__      
0000112f  __TI_zero_init          
00000dd3  __aeabi_ldiv0           
00000619  __aeabi_ldivmod         
00000c83  __aeabi_memclr          
00000c83  __aeabi_memclr4         
00000c83  __aeabi_memclr8         
00000b6d  __aeabi_memcpy          
00000b6d  __aeabi_memcpy4         
00000b6d  __aeabi_memcpy8         
00000c85  __aeabi_memset          
00000c85  __aeabi_memset4         
00000c85  __aeabi_memset8         
ffffffff  __binit__               
ffffffff  __c_args__              
20000000  __stack                 
00001099  _args_main              
00000e9d  _c_int00                
2000022c  _lock                   
000010bf  _nop                    
000010b7  _register_lock          
000010b1  _register_unlock        
00001169  _system_pre_init        
20000230  _unlock                 
00000f3d  abort                   
20000220  amp                     
ffffffff  binit                   
00000353  calcBPM                 
00000eed  copy_in                 
00000f45  exit                    
20000224  firstBeat               
00000000  g_pfnVectors            
20000270  hrValue                 
20000274  irValue                 
20000210  lastBeatTime            
000002eb  led_pin_config          
0000033f  main                    
2000023c  main_func_sp            
00000b6d  memcpy                  
00000c8b  memset                  
20000240  rate                    
2000020c  sampleCounter           
20000228  secondBeat              
0000026d  setup                   
000002f7  setupTimerInterrupt     
000002c9  switchPinConfig         
2000021c  thresh                  


GLOBAL SYMBOLS: SORTED BY Symbol Address 

address   name                    
-------   ----                    
00000000  __TI_static_base__      
00000000  g_pfnVectors            
00000200  __STACK_SIZE            
0000026d  setup                   
000002c9  switchPinConfig         
000002eb  led_pin_config          
000002f7  setupTimerInterrupt     
0000033f  main                    
00000353  calcBPM                 
00000561  Timer0IntHandler        
00000619  __aeabi_ldivmod         
00000837  GPIOPadConfigSet        
00000969  SysCtlClockGet          
00000a79  SysCtlClockSet          
00000b6d  __aeabi_memcpy          
00000b6d  __aeabi_memcpy4         
00000b6d  __aeabi_memcpy8         
00000b6d  memcpy                  
00000c09  ADCSequenceStepConfigure
00000c83  __aeabi_memclr          
00000c83  __aeabi_memclr4         
00000c83  __aeabi_memclr8         
00000c85  __aeabi_memset          
00000c85  __aeabi_memset4         
00000c85  __aeabi_memset8         
00000c8b  memset                  
00000cfd  __TI_auto_init          
00000dd3  __aeabi_ldiv0           
00000dd5  IntEnable               
00000e3d  TimerConfigure          
00000e9d  _c_int00                
00000eed  copy_in                 
00000f39  C$$EXIT                 
00000f3d  abort                   
00000f45  exit                    
00000f7d  ADCSequenceConfigure    
00000fbd  SysCtlPeripheralEnable  
00000ff1  ADCIntStatus            
0000101f  GPIODirModeSet          
00001049  ADCSequenceDataGet      
00001067  ADCProcessorTrigger     
0000107f  GPIOPinTypeGPIOOutput   
00001099  _args_main              
000010b1  _register_unlock        
000010b7  _register_lock          
000010bf  _nop                    
000010c5  GPIOPinTypeADC          
000010d7  TimerLoadSet            
000010e9  IntMasterEnable         
000010f9  ADCSequenceEnable       
00001107  TimerEnable             
00001115  __TI_decompress_none    
00001123  CPUcpsie                
0000112f  __TI_zero_init          
0000113b  ResetISR                
00001147  ADCIntClear             
00001151  TimerIntEnable          
00001159  SysCtlDelay             
0000115f  __TI_decompress_rle24   
00001165  TimerIntClear           
00001169  _system_pre_init        
00001270  __TI_Handler_Table_Base 
0000127c  __TI_Handler_Table_Limit
00001288  __TI_CINIT_Base         
00001298  __TI_CINIT_Limit        
20000000  __stack                 
20000200  IBI                     
20000200  __STACK_END             
20000200  __STACK_TOP             
20000204  Pulse                   
20000208  QS                      
2000020c  sampleCounter           
20000210  lastBeatTime            
20000214  P                       
20000218  T                       
2000021c  thresh                  
20000220  amp                     
20000224  firstBeat               
20000228  secondBeat              
2000022c  _lock                   
20000230  _unlock                 
20000234  __TI_cleanup_ptr        
20000238  __TI_dtors_ptr          
2000023c  main_func_sp            
20000240  rate                    
20000268  BPM                     
2000026c  Signal                  
20000270  hrValue                 
20000274  irValue                 
ffffffff  __binit__               
ffffffff  __c_args__              
ffffffff  binit                   
UNDEFED   SHT$$INIT_ARRAY$$Base   
UNDEFED   SHT$$INIT_ARRAY$$Limit  

[94 symbols]
